1. Testing access without token...
   PASS: Got 401 as expected

2. Testing login...
   PASS: Login successful, got token

3. Testing access with token...
   PASS: Got 200 OK. Response: {'message': 'Hello John Doe from Cloud Run! Hey 123'}

4. Testing protected /test endpoint...
   PASS: Got 200 OK. Response: {'message': 'This is a protected test message'}
